// Jest Snapshot v1, https://goo.gl/fbAQLP

exports[`ProjectionalEditor should render NumberLiteralExpression 1`] = `
<div>
  <div
    onBlur={[Function]}
    onFocus={[Function]}
  >
    <div
      onKeyDown={[Function]}
      tabIndex={0}
    >
      <div
        onClick={[Function]}
        onKeyDown={[Function]}
        tabIndex={0}
      >
        <div
          className=""
          id="demo-67-model"
          onClick={[Function]}
          style={
            Object {
              "gridTemplateRows": "repeat(6, auto)",
            }
          }
          tabIndex={0}
        >
          <div
            onClick={[Function]}
            onKeyDown={[Function]}
            tabIndex={0}
          >
            <div
              className=""
              id="demo-67-model-keyword"
              onClick={[Function]}
              tabIndex={0}
            >
              <div
                onClick={[Function]}
                onKeyDown={[Function]}
                tabIndex={0}
              >
                <svg
                  height="10"
                  id="demo-67-icon"
                  width="10"
                >
                  <polygon
                    fill="transparent"
                    points="2,2 2,9 9,9, 9,2"
                    stroke="darkblue"
                    strokeWidth={1}
                  />
                </svg>
              </div>
              <div
                onClick={[Function]}
                onKeyDown={[Function]}
                tabIndex={0}
              >
                <div
                  className=""
                  id="demo-67-model-label"
                  tabIndex={0}
                >
                  model
                </div>
              </div>
              <div
                onClick={[Function]}
                onKeyDown={[Function]}
                tabIndex={0}
              >
                <div
                  className=""
                  data-placeholdertext=""
                  id="demo-67-textC"
                  onBlur={[Function]}
                  onClick={[Function]}
                  onInput={[Function]}
                  onKeyDown={[Function]}
                  onKeyPress={[Function]}
                  onPaste={[Function]}
                  spellCheck={false}
                  tabIndex={0}
                >
                  Demo model
                </div>
              </div>
            </div>
          </div>
          <div
            onClick={[Function]}
            onKeyDown={[Function]}
            tabIndex={0}
          >
            <div
              id="demo-67-test-selestmaindiv"
              onBlur={[Function]}
            >
              <div
                className=""
                data-placeholdertext="<select>"
                id="demo-67-test-selesttextdiv"
                onClick={[Function]}
                onInput={[Function]}
                onKeyDown={[Function]}
                onKeyPress={[Function]}
                spellCheck={false}
                tabIndex={0}
              />
            </div>
          </div>
          <div
            onClick={[Function]}
            onKeyDown={[Function]}
            tabIndex={0}
          >
            <div
              className=""
              id="demo-67-entity-list"
              tabIndex={0}
            >
              entities
            </div>
          </div>
          <div
            onClick={[Function]}
            onKeyDown={[Function]}
            tabIndex={0}
          >
            <div
              className=""
              id="demo-67-entities"
              onClick={[Function]}
              style={
                Object {
                  "gridTemplateRows": "repeat(2, auto)",
                }
              }
              tabIndex={0}
            >
              <div
                onClick={[Function]}
                onKeyDown={[Function]}
                tabIndex={0}
              >
                <div
                  className=""
                  id="demo-68-entities-hor-0"
                  onClick={[Function]}
                  tabIndex={0}
                >
                  <div
                    onClick={[Function]}
                    onKeyDown={[Function]}
                    tabIndex={0}
                  >
                    <div
                      className=""
                      id="demo-68-entity-all"
                      onClick={[Function]}
                      style={
                        Object {
                          "gridTemplateColumns": "repeat(2, auto)",
                          "gridTemplateRows": "repeat(2, auto)",
                        }
                      }
                    >
                      <div
                        className=""
                        id="demo-68-entity-all-c1-r1"
                        onClick={[Function]}
                        style={
                          Object {
                            "gridColumn": "1 / span 1",
                            "gridRow": "1 / span 1",
                          }
                        }
                      >
                        <div
                          onClick={[Function]}
                          onKeyDown={[Function]}
                          tabIndex={0}
                        >
                          <div
                            className=""
                            data-placeholdertext="<enter entity name>"
                            id="demo-68-entity-name"
                            onBlur={[Function]}
                            onClick={[Function]}
                            onInput={[Function]}
                            onKeyDown={[Function]}
                            onKeyPress={[Function]}
                            onPaste={[Function]}
                            spellCheck={false}
                            tabIndex={0}
                          >
                            Person
                          </div>
                        </div>
                      </div>
                      <div
                        className=""
                        id="demo-68-entity-all-c1-r2"
                        onClick={[Function]}
                        style={
                          Object {
                            "gridColumn": "1 / span 1",
                            "gridRow": "2 / span 1",
                          }
                        }
                      >
                        <div
                          onClick={[Function]}
                          onKeyDown={[Function]}
                          tabIndex={0}
                        >
                          <div
                            className=""
                            id="demo-68-attr-grid"
                            onClick={[Function]}
                            style={
                              Object {
                                "gridTemplateColumns": "repeat(3, auto)",
                                "gridTemplateRows": "repeat(3, auto)",
                              }
                            }
                          >
                            <div
                              className=""
                              id="demo-68-attr-grid-c1-r1"
                              onClick={[Function]}
                              style={
                                Object {
                                  "gridColumn": "1 / span 1",
                                  "gridRow": "1 / span 1",
                                }
                              }
                            >
                              <div
                                onClick={[Function]}
                                onKeyDown={[Function]}
                                tabIndex={0}
                              >
                                <div
                                  className=""
                                  id="demo-68-header0"
                                  tabIndex={0}
                                >
                                  name
                                </div>
                              </div>
                            </div>
                            <div
                              className=""
                              id="demo-68-attr-grid-c2-r1"
                              onClick={[Function]}
                              style={
                                Object {
                                  "gridColumn": "2 / span 1",
                                  "gridRow": "1 / span 1",
                                }
                              }
                            >
                              <div
                                onClick={[Function]}
                                onKeyDown={[Function]}
                                tabIndex={0}
                              >
                                <div
                                  className=""
                                  id="demo-68-header1"
                                  tabIndex={0}
                                >
                                  type
                                </div>
                              </div>
                            </div>
                            <div
                              className=""
                              id="demo-68-attr-grid-c1-r2"
                              onClick={[Function]}
                              style={
                                Object {
                                  "gridColumn": "1 / span 1",
                                  "gridRow": "2 / span 1",
                                }
                              }
                            >
                              <div
                                onClick={[Function]}
                                onKeyDown={[Function]}
                                tabIndex={0}
                              >
                                <div
                                  className=""
                                  id="demo-69-xx-0"
                                  onClick={[Function]}
                                  tabIndex={0}
                                >
                                  <div
                                    onClick={[Function]}
                                    onKeyDown={[Function]}
                                    tabIndex={0}
                                  >
                                    <div
                                      className=""
                                      data-placeholdertext="<name>"
                                      id="demo-69-attr-name"
                                      onBlur={[Function]}
                                      onClick={[Function]}
                                      onInput={[Function]}
                                      onKeyDown={[Function]}
                                      onKeyPress={[Function]}
                                      onPaste={[Function]}
                                      spellCheck={false}
                                      tabIndex={0}
                                    >
                                      name
                                    </div>
                                  </div>
                                  <div
                                    onClick={[Function]}
                                    onKeyDown={[Function]}
                                    tabIndex={0}
                                  >
                                    <div
                                      id="demo-69-new-0maindiv"
                                      onBlur={[Function]}
                                    >
                                      <div
                                        className=""
                                        data-placeholdertext=" "
                                        id="demo-69-new-0textdiv"
                                        onClick={[Function]}
                                        onInput={[Function]}
                                        onKeyDown={[Function]}
                                        onKeyPress={[Function]}
                                        spellCheck={false}
                                        tabIndex={0}
                                      />
                                    </div>
                                  </div>
                                </div>
                              </div>
                            </div>
                            <div
                              className=""
                              id="demo-68-attr-grid-c2-r2"
                              onClick={[Function]}
                              style={
                                Object {
                                  "gridColumn": "2 / span 1",
                                  "gridRow": "2 / span 1",
                                }
                              }
                            >
                              <div
                                onClick={[Function]}
                                onKeyDown={[Function]}
                                tabIndex={0}
                              >
                                <div
                                  className=""
                                  id="demo-69-xx-1"
                                  onClick={[Function]}
                                  tabIndex={0}
                                >
                                  <div
                                    onClick={[Function]}
                                    onKeyDown={[Function]}
                                    tabIndex={0}
                                  >
                                    <div
                                      className=""
                                      data-placeholdertext=""
                                      id="demo-69-attr-type"
                                      onBlur={[Function]}
                                      onClick={[Function]}
                                      onInput={[Function]}
                                      onKeyDown={[Function]}
                                      onKeyPress={[Function]}
                                      onPaste={[Function]}
                                      spellCheck={false}
                                      tabIndex={0}
                                    >
                                      String
                                    </div>
                                  </div>
                                  <div
                                    onClick={[Function]}
                                    onKeyDown={[Function]}
                                    tabIndex={0}
                                  >
                                    <div
                                      id="demo-69-new-1maindiv"
                                      onBlur={[Function]}
                                    >
                                      <div
                                        className=""
                                        data-placeholdertext=" "
                                        id="demo-69-new-1textdiv"
                                        onClick={[Function]}
                                        onInput={[Function]}
                                        onKeyDown={[Function]}
                                        onKeyPress={[Function]}
                                        spellCheck={false}
                                        tabIndex={0}
                                      />
                                    </div>
                                  </div>
                                </div>
                              </div>
                            </div>
                            <div
                              className=""
                              id="demo-68-attr-grid-c1-r3"
                              onClick={[Function]}
                              style={
                                Object {
                                  "gridColumn": "1 / span 1",
                                  "gridRow": "3 / span 1",
                                }
                              }
                            >
                              <div
                                onClick={[Function]}
                                onKeyDown={[Function]}
                                tabIndex={0}
                              >
                                <div
                                  className=""
                                  id="demo-70-xx-0"
                                  onClick={[Function]}
                                  tabIndex={0}
                                >
                                  <div
                                    onClick={[Function]}
                                    onKeyDown={[Function]}
                                    tabIndex={0}
                                  >
                                    <div
                                      className=""
                                      data-placeholdertext="<name>"
                                      id="demo-70-attr-name"
                                      onBlur={[Function]}
                                      onClick={[Function]}
                                      onInput={[Function]}
                                      onKeyDown={[Function]}
                                      onKeyPress={[Function]}
                                      onPaste={[Function]}
                                      spellCheck={false}
                                      tabIndex={0}
                                    >
                                      age
                                    </div>
                                  </div>
                                  <div
                                    onClick={[Function]}
                                    onKeyDown={[Function]}
                                    tabIndex={0}
                                  >
                                    <div
                                      id="demo-70-new-0maindiv"
                                      onBlur={[Function]}
                                    >
                                      <div
                                        className=""
                                        data-placeholdertext=" "
                                        id="demo-70-new-0textdiv"
                                        onClick={[Function]}
                                        onInput={[Function]}
                                        onKeyDown={[Function]}
                                        onKeyPress={[Function]}
                                        spellCheck={false}
                                        tabIndex={0}
                                      />
                                    </div>
                                  </div>
                                </div>
                              </div>
                            </div>
                            <div
                              className=""
                              id="demo-68-attr-grid-c2-r3"
                              onClick={[Function]}
                              style={
                                Object {
                                  "gridColumn": "2 / span 1",
                                  "gridRow": "3 / span 1",
                                }
                              }
                            >
                              <div
                                onClick={[Function]}
                                onKeyDown={[Function]}
                                tabIndex={0}
                              >
                                <div
                                  className=""
                                  id="demo-70-xx-1"
                                  onClick={[Function]}
                                  tabIndex={0}
                                >
                                  <div
                                    onClick={[Function]}
                                    onKeyDown={[Function]}
                                    tabIndex={0}
                                  >
                                    <div
                                      className=""
                                      data-placeholdertext=""
                                      id="demo-70-attr-type"
                                      onBlur={[Function]}
                                      onClick={[Function]}
                                      onInput={[Function]}
                                      onKeyDown={[Function]}
                                      onKeyPress={[Function]}
                                      onPaste={[Function]}
                                      spellCheck={false}
                                      tabIndex={0}
                                    >
                                      String
                                    </div>
                                  </div>
                                  <div
                                    onClick={[Function]}
                                    onKeyDown={[Function]}
                                    tabIndex={0}
                                  >
                                    <div
                                      id="demo-70-new-1maindiv"
                                      onBlur={[Function]}
                                    >
                                      <div
                                        className=""
                                        data-placeholdertext=" "
                                        id="demo-70-new-1textdiv"
                                        onClick={[Function]}
                                        onInput={[Function]}
                                        onKeyDown={[Function]}
                                        onKeyPress={[Function]}
                                        spellCheck={false}
                                        tabIndex={0}
                                      />
                                    </div>
                                  </div>
                                </div>
                              </div>
                            </div>
                          </div>
                        </div>
                      </div>
                    </div>
                  </div>
                  <div
                    onClick={[Function]}
                    onKeyDown={[Function]}
                    tabIndex={0}
                  >
                    <div
                      id="demo-68-list-for-entitiesmaindiv"
                      onBlur={[Function]}
                    >
                      <div
                        className=""
                        data-placeholdertext=" "
                        id="demo-68-list-for-entitiestextdiv"
                        onClick={[Function]}
                        onInput={[Function]}
                        onKeyDown={[Function]}
                        onKeyPress={[Function]}
                        spellCheck={false}
                        tabIndex={0}
                      />
                    </div>
                  </div>
                </div>
              </div>
              <div
                onClick={[Function]}
                onKeyDown={[Function]}
                tabIndex={0}
              >
                <div
                  className=""
                  id="demo-71-entities-hor-1"
                  onClick={[Function]}
                  tabIndex={0}
                >
                  <div
                    onClick={[Function]}
                    onKeyDown={[Function]}
                    tabIndex={0}
                  >
                    <div
                      className=""
                      id="demo-71-entity-all"
                      onClick={[Function]}
                      style={
                        Object {
                          "gridTemplateColumns": "repeat(2, auto)",
                          "gridTemplateRows": "repeat(2, auto)",
                        }
                      }
                    >
                      <div
                        className=""
                        id="demo-71-entity-all-c1-r1"
                        onClick={[Function]}
                        style={
                          Object {
                            "gridColumn": "1 / span 1",
                            "gridRow": "1 / span 1",
                          }
                        }
                      >
                        <div
                          onClick={[Function]}
                          onKeyDown={[Function]}
                          tabIndex={0}
                        >
                          <div
                            className=""
                            data-placeholdertext="<enter entity name>"
                            id="demo-71-entity-name"
                            onBlur={[Function]}
                            onClick={[Function]}
                            onInput={[Function]}
                            onKeyDown={[Function]}
                            onKeyPress={[Function]}
                            onPaste={[Function]}
                            spellCheck={false}
                            tabIndex={0}
                          >
                            Company
                          </div>
                        </div>
                      </div>
                      <div
                        className=""
                        id="demo-71-entity-all-c1-r2"
                        onClick={[Function]}
                        style={
                          Object {
                            "gridColumn": "1 / span 1",
                            "gridRow": "2 / span 1",
                          }
                        }
                      >
                        <div
                          onClick={[Function]}
                          onKeyDown={[Function]}
                          tabIndex={0}
                        >
                          <div
                            className=""
                            id="demo-71-attr-grid"
                            onClick={[Function]}
                            style={
                              Object {
                                "gridTemplateColumns": "repeat(3, auto)",
                                "gridTemplateRows": "repeat(3, auto)",
                              }
                            }
                          >
                            <div
                              className=""
                              id="demo-71-attr-grid-c1-r1"
                              onClick={[Function]}
                              style={
                                Object {
                                  "gridColumn": "1 / span 1",
                                  "gridRow": "1 / span 1",
                                }
                              }
                            >
                              <div
                                onClick={[Function]}
                                onKeyDown={[Function]}
                                tabIndex={0}
                              >
                                <div
                                  className=""
                                  id="demo-71-header0"
                                  tabIndex={0}
                                >
                                  name
                                </div>
                              </div>
                            </div>
                            <div
                              className=""
                              id="demo-71-attr-grid-c2-r1"
                              onClick={[Function]}
                              style={
                                Object {
                                  "gridColumn": "2 / span 1",
                                  "gridRow": "1 / span 1",
                                }
                              }
                            >
                              <div
                                onClick={[Function]}
                                onKeyDown={[Function]}
                                tabIndex={0}
                              >
                                <div
                                  className=""
                                  id="demo-71-header1"
                                  tabIndex={0}
                                >
                                  type
                                </div>
                              </div>
                            </div>
                            <div
                              className=""
                              id="demo-71-attr-grid-c1-r2"
                              onClick={[Function]}
                              style={
                                Object {
                                  "gridColumn": "1 / span 1",
                                  "gridRow": "2 / span 1",
                                }
                              }
                            >
                              <div
                                onClick={[Function]}
                                onKeyDown={[Function]}
                                tabIndex={0}
                              >
                                <div
                                  className=""
                                  id="demo-72-xx-0"
                                  onClick={[Function]}
                                  tabIndex={0}
                                >
                                  <div
                                    onClick={[Function]}
                                    onKeyDown={[Function]}
                                    tabIndex={0}
                                  >
                                    <div
                                      className=""
                                      data-placeholdertext="<name>"
                                      id="demo-72-attr-name"
                                      onBlur={[Function]}
                                      onClick={[Function]}
                                      onInput={[Function]}
                                      onKeyDown={[Function]}
                                      onKeyPress={[Function]}
                                      onPaste={[Function]}
                                      spellCheck={false}
                                      tabIndex={0}
                                    >
                                      name
                                    </div>
                                  </div>
                                  <div
                                    onClick={[Function]}
                                    onKeyDown={[Function]}
                                    tabIndex={0}
                                  >
                                    <div
                                      id="demo-72-new-0maindiv"
                                      onBlur={[Function]}
                                    >
                                      <div
                                        className=""
                                        data-placeholdertext=" "
                                        id="demo-72-new-0textdiv"
                                        onClick={[Function]}
                                        onInput={[Function]}
                                        onKeyDown={[Function]}
                                        onKeyPress={[Function]}
                                        spellCheck={false}
                                        tabIndex={0}
                                      />
                                    </div>
                                  </div>
                                </div>
                              </div>
                            </div>
                            <div
                              className=""
                              id="demo-71-attr-grid-c2-r2"
                              onClick={[Function]}
                              style={
                                Object {
                                  "gridColumn": "2 / span 1",
                                  "gridRow": "2 / span 1",
                                }
                              }
                            >
                              <div
                                onClick={[Function]}
                                onKeyDown={[Function]}
                                tabIndex={0}
                              >
                                <div
                                  className=""
                                  id="demo-72-xx-1"
                                  onClick={[Function]}
                                  tabIndex={0}
                                >
                                  <div
                                    onClick={[Function]}
                                    onKeyDown={[Function]}
                                    tabIndex={0}
                                  >
                                    <div
                                      className=""
                                      data-placeholdertext=""
                                      id="demo-72-attr-type"
                                      onBlur={[Function]}
                                      onClick={[Function]}
                                      onInput={[Function]}
                                      onKeyDown={[Function]}
                                      onKeyPress={[Function]}
                                      onPaste={[Function]}
                                      spellCheck={false}
                                      tabIndex={0}
                                    >
                                      String
                                    </div>
                                  </div>
                                  <div
                                    onClick={[Function]}
                                    onKeyDown={[Function]}
                                    tabIndex={0}
                                  >
                                    <div
                                      id="demo-72-new-1maindiv"
                                      onBlur={[Function]}
                                    >
                                      <div
                                        className=""
                                        data-placeholdertext=" "
                                        id="demo-72-new-1textdiv"
                                        onClick={[Function]}
                                        onInput={[Function]}
                                        onKeyDown={[Function]}
                                        onKeyPress={[Function]}
                                        spellCheck={false}
                                        tabIndex={0}
                                      />
                                    </div>
                                  </div>
                                </div>
                              </div>
                            </div>
                            <div
                              className=""
                              id="demo-71-attr-grid-c1-r3"
                              onClick={[Function]}
                              style={
                                Object {
                                  "gridColumn": "1 / span 1",
                                  "gridRow": "3 / span 1",
                                }
                              }
                            >
                              <div
                                onClick={[Function]}
                                onKeyDown={[Function]}
                                tabIndex={0}
                              >
                                <div
                                  className=""
                                  id="demo-73-xx-0"
                                  onClick={[Function]}
                                  tabIndex={0}
                                >
                                  <div
                                    onClick={[Function]}
                                    onKeyDown={[Function]}
                                    tabIndex={0}
                                  >
                                    <div
                                      className=""
                                      data-placeholdertext="<name>"
                                      id="demo-73-attr-name"
                                      onBlur={[Function]}
                                      onClick={[Function]}
                                      onInput={[Function]}
                                      onKeyDown={[Function]}
                                      onKeyPress={[Function]}
                                      onPaste={[Function]}
                                      spellCheck={false}
                                      tabIndex={0}
                                    >
                                      VAT_Number
                                    </div>
                                  </div>
                                  <div
                                    onClick={[Function]}
                                    onKeyDown={[Function]}
                                    tabIndex={0}
                                  >
                                    <div
                                      id="demo-73-new-0maindiv"
                                      onBlur={[Function]}
                                    >
                                      <div
                                        className=""
                                        data-placeholdertext=" "
                                        id="demo-73-new-0textdiv"
                                        onClick={[Function]}
                                        onInput={[Function]}
                                        onKeyDown={[Function]}
                                        onKeyPress={[Function]}
                                        spellCheck={false}
                                        tabIndex={0}
                                      />
                                    </div>
                                  </div>
                                </div>
                              </div>
                            </div>
                            <div
                              className=""
                              id="demo-71-attr-grid-c2-r3"
                              onClick={[Function]}
                              style={
                                Object {
                                  "gridColumn": "2 / span 1",
                                  "gridRow": "3 / span 1",
                                }
                              }
                            >
                              <div
                                onClick={[Function]}
                                onKeyDown={[Function]}
                                tabIndex={0}
                              >
                                <div
                                  className=""
                                  id="demo-73-xx-1"
                                  onClick={[Function]}
                                  tabIndex={0}
                                >
                                  <div
                                    onClick={[Function]}
                                    onKeyDown={[Function]}
                                    tabIndex={0}
                                  >
                                    <div
                                      className=""
                                      data-placeholdertext=""
                                      id="demo-73-attr-type"
                                      onBlur={[Function]}
                                      onClick={[Function]}
                                      onInput={[Function]}
                                      onKeyDown={[Function]}
                                      onKeyPress={[Function]}
                                      onPaste={[Function]}
                                      spellCheck={false}
                                      tabIndex={0}
                                    >
                                      String
                                    </div>
                                  </div>
                                  <div
                                    onClick={[Function]}
                                    onKeyDown={[Function]}
                                    tabIndex={0}
                                  >
                                    <div
                                      id="demo-73-new-1maindiv"
                                      onBlur={[Function]}
                                    >
                                      <div
                                        className=""
                                        data-placeholdertext=" "
                                        id="demo-73-new-1textdiv"
                                        onClick={[Function]}
                                        onInput={[Function]}
                                        onKeyDown={[Function]}
                                        onKeyPress={[Function]}
                                        spellCheck={false}
                                        tabIndex={0}
                                      />
                                    </div>
                                  </div>
                                </div>
                              </div>
                            </div>
                          </div>
                        </div>
                      </div>
                    </div>
                  </div>
                  <div
                    onClick={[Function]}
                    onKeyDown={[Function]}
                    tabIndex={0}
                  >
                    <div
                      id="demo-71-list-for-entitiesmaindiv"
                      onBlur={[Function]}
                    >
                      <div
                        className=""
                        data-placeholdertext=" "
                        id="demo-71-list-for-entitiestextdiv"
                        onClick={[Function]}
                        onInput={[Function]}
                        onKeyDown={[Function]}
                        onKeyPress={[Function]}
                        spellCheck={false}
                        tabIndex={0}
                      />
                    </div>
                  </div>
                </div>
              </div>
            </div>
          </div>
          <div
            onClick={[Function]}
            onKeyDown={[Function]}
            tabIndex={0}
          >
            <div
              className=""
              id="demo-67-entityexpression"
              tabIndex={0}
            >
              expression
            </div>
          </div>
          <div
            onClick={[Function]}
            onKeyDown={[Function]}
            tabIndex={0}
          >
            <div
              className=""
              id="demo-129-binary-expression"
              onClick={[Function]}
              tabIndex={0}
            >
              <div
                onClick={[Function]}
                onKeyDown={[Function]}
                tabIndex={0}
              >
                <div
                  className=""
                  id="demo-127-string-literal"
                  onClick={[Function]}
                  tabIndex={0}
                >
                  <div
                    onClick={[Function]}
                    onKeyDown={[Function]}
                    tabIndex={0}
                  >
                    <div
                      id="demo-127-exp-leftmaindiv"
                      onBlur={[Function]}
                    >
                      <div
                        className=""
                        data-placeholdertext=" "
                        id="demo-127-exp-lefttextdiv"
                        onClick={[Function]}
                        onInput={[Function]}
                        onKeyDown={[Function]}
                        onKeyPress={[Function]}
                        spellCheck={false}
                        tabIndex={0}
                      />
                    </div>
                  </div>
                  <div
                    onClick={[Function]}
                    onKeyDown={[Function]}
                    tabIndex={0}
                  >
                    <div
                      className=""
                      id="demo-127-start-quote"
                      tabIndex={0}
                    >
                      "
                    </div>
                  </div>
                  <div
                    onClick={[Function]}
                    onKeyDown={[Function]}
                    tabIndex={0}
                  >
                    <div
                      className=""
                      data-placeholdertext=""
                      id="demo-127-string-value"
                      onBlur={[Function]}
                      onClick={[Function]}
                      onInput={[Function]}
                      onKeyDown={[Function]}
                      onKeyPress={[Function]}
                      onPaste={[Function]}
                      spellCheck={false}
                      tabIndex={0}
                    >
                      Hello Demo
                    </div>
                  </div>
                  <div
                    onClick={[Function]}
                    onKeyDown={[Function]}
                    tabIndex={0}
                  >
                    <div
                      className=""
                      id="demo-127-end-quote"
                      tabIndex={0}
                    >
                      "
                    </div>
                  </div>
                </div>
              </div>
              <div
                onClick={[Function]}
                onKeyDown={[Function]}
                tabIndex={0}
              >
                <div
                  id="demo-129-binary-premaindiv"
                  onBlur={[Function]}
                >
                  <div
                    className=""
                    data-placeholdertext=" "
                    id="demo-129-binary-pretextdiv"
                    onClick={[Function]}
                    onInput={[Function]}
                    onKeyDown={[Function]}
                    onKeyPress={[Function]}
                    spellCheck={false}
                    tabIndex={0}
                  />
                </div>
              </div>
              <div
                onClick={[Function]}
                onKeyDown={[Function]}
                tabIndex={0}
              >
                <div
                  id="demo-129-symbolmaindiv"
                  onBlur={[Function]}
                >
                  <div
                    className=""
                    data-placeholdertext="<...>"
                    id="demo-129-symboltextdiv"
                    onClick={[Function]}
                    onInput={[Function]}
                    onKeyDown={[Function]}
                    onKeyPress={[Function]}
                    spellCheck={false}
                    tabIndex={0}
                  >
                    +
                  </div>
                </div>
              </div>
              <div
                onClick={[Function]}
                onKeyDown={[Function]}
                tabIndex={0}
              >
                <div
                  id="demo-129-binary-postmaindiv"
                  onBlur={[Function]}
                >
                  <div
                    className=""
                    data-placeholdertext=" "
                    id="demo-129-binary-posttextdiv"
                    onClick={[Function]}
                    onInput={[Function]}
                    onKeyDown={[Function]}
                    onKeyPress={[Function]}
                    spellCheck={false}
                    tabIndex={0}
                  />
                </div>
              </div>
              <div
                onClick={[Function]}
                onKeyDown={[Function]}
                tabIndex={0}
              >
                <div
                  className=""
                  id="demo-128-string-literal"
                  onClick={[Function]}
                  tabIndex={0}
                >
                  <div
                    onClick={[Function]}
                    onKeyDown={[Function]}
                    tabIndex={0}
                  >
                    <div
                      className=""
                      id="demo-128-start-quote"
                      tabIndex={0}
                    >
                      "
                    </div>
                  </div>
                  <div
                    onClick={[Function]}
                    onKeyDown={[Function]}
                    tabIndex={0}
                  >
                    <div
                      className=""
                      data-placeholdertext=""
                      id="demo-128-string-value"
                      onBlur={[Function]}
                      onClick={[Function]}
                      onInput={[Function]}
                      onKeyDown={[Function]}
                      onKeyPress={[Function]}
                      onPaste={[Function]}
                      spellCheck={false}
                      tabIndex={0}
                    >
                      Goodbye
                    </div>
                  </div>
                  <div
                    onClick={[Function]}
                    onKeyDown={[Function]}
                    tabIndex={0}
                  >
                    <div
                      className=""
                      id="demo-128-end-quote"
                      tabIndex={0}
                    >
                      "
                    </div>
                  </div>
                  <div
                    onClick={[Function]}
                    onKeyDown={[Function]}
                    tabIndex={0}
                  >
                    <div
                      id="demo-128-exp-rightmaindiv"
                      onBlur={[Function]}
                    >
                      <div
                        className=""
                        data-placeholdertext=" "
                        id="demo-128-exp-righttextdiv"
                        onClick={[Function]}
                        onInput={[Function]}
                        onKeyDown={[Function]}
                        onKeyPress={[Function]}
                        spellCheck={false}
                        tabIndex={0}
                      />
                    </div>
                  </div>
                </div>
              </div>
            </div>
          </div>
        </div>
      </div>
    </div>
    <br />
    Selected:
  </div>
</div>
`;
